============================= test session starts =============================
platform win32 -- Python 3.13.5, pytest-9.0.2, pluggy-1.6.0 -- C:\Users\AnhKiet\AppData\Local\Programs\Python\Python313\python.exe
cachedir: .pytest_cache
rootdir: D:\Project_AlphaKnit
plugins: Faker-39.0.0
collecting ... collected 5 items

tests/test_parser.py::test_parser_normalization FAILED                   [ 20%]
tests/test_parser.py::test_parser_tokenization FAILED                    [ 40%]
tests/test_parser.py::test_parser_nested_loops FAILED                    [ 60%]
tests/test_parser.py::test_parser_implicit_multiplier PASSED             [ 80%]
tests/test_parser.py::test_parser_numeric_prefix PASSED                  [100%]

================================== FAILURES ===================================
__________________________ test_parser_normalization __________________________

    def test_parser_normalization():
        parser = AmigurumiStackParser()
        assert parser.normalize("Magic Ring") == "mr"
>       assert parser.normalize("2 sc in next st") == "inc"
E       AssertionError: assert 'inc st' == 'inc'
E         
E         - inc
E         + inc st

tests\test_parser.py:7: AssertionError
__________________________ test_parser_tokenization ___________________________

    def test_parser_tokenization():
        parser = AmigurumiStackParser()
        text = "R1: (sc, inc) x 6 (18)"
        tokens = parser.tokenize(text)
        # Expect: ['(', 'sc', 'inc', ')', 'x 6']
>       assert tokens == ['(', 'sc', 'inc', ')', 'x 6']
E       AssertionError: assert [] == ['(', 'sc', 'inc', ')', 'x 6']
E         
E         Right contains 5 more items, first extra item: '('
E         
E         Full diff:
E         + []
E         - [
E         -     '(',
E         -     'sc',
E         -     'inc',
E         -     ')',
E         -     'x 6',
E         - ]

tests\test_parser.py:15: AssertionError
__________________________ test_parser_nested_loops ___________________________

    def test_parser_nested_loops():
        parser = AmigurumiStackParser()
        # Complex pattern: ((sc, inc) x 2, sc) x 2
        # Inner: (sc, inc, sc, inc)
        # Outer: (sc, inc, sc, inc, sc) * 2
        # Result: sc, inc, sc, inc, sc, sc, inc, sc, inc, sc
        text = "((sc, inc) x 2, sc) x 2"
        result = parser.parse(text)
    
        expected = ['sc', 'inc', 'sc', 'inc', 'sc'] * 2
>       assert result == expected
E       AssertionError: assert ['sc', 'inc', 'sc', 'sc', 'sc', 'sc'] == ['sc', 'inc', 'sc', 'inc', 'sc', 'sc', 'inc', 'sc', 'inc', 'sc']
E         
E         At index 3 diff: 'sc' != 'inc'
E         Right contains 4 more items, first extra item: 'inc'
E         
E         Full diff:
E           [
E               'sc',
E               'inc',
E               'sc',
E         -     'inc',
E               'sc',
E               'sc',
E         -     'inc',
E         -     'sc',
E         -     'inc',
E               'sc',
E           ]

tests\test_parser.py:27: AssertionError
=========================== short test summary info ===========================
FAILED tests/test_parser.py::test_parser_normalization - AssertionError: assert 'inc st' == 'inc'
  
  - inc
  + inc st
FAILED tests/test_parser.py::test_parser_tokenization - AssertionError: assert [] == ['(', 'sc', 'inc', ')', 'x 6']
  
  Right contains 5 more items, first extra item: '('
  
  Full diff:
  + []
  - [
  -     '(',
  -     'sc',
  -     'inc',
  -     ')',
  -     'x 6',
  - ]
FAILED tests/test_parser.py::test_parser_nested_loops - AssertionError: assert ['sc', 'inc', 'sc', 'sc', 'sc', 'sc'] == ['sc', 'inc', 'sc', 'inc', 'sc', 'sc', 'inc', 'sc', 'inc', 'sc']
  
  At index 3 diff: 'sc' != 'inc'
  Right contains 4 more items, first extra item: 'inc'
  
  Full diff:
    [
        'sc',
        'inc',
        'sc',
  -     'inc',
        'sc',
        'sc',
  -     'inc',
  -     'sc',
  -     'inc',
        'sc',
    ]
========================= 3 failed, 2 passed in 0.10s =========================
